// Jest Snapshot v1, https://goo.gl/fbAQLP

exports[`button test correct styles 1`] = `
<div>
  <button
    class="sc-bczRLJ kTUTb"
  />
</div>
`;
